------------------------------------------------------------
Timing Analyzer Summary
------------------------------------------------------------

Type  : Slow 1100mV 85C Model Setup 'divisorClk:dv|clock_25'
Slack : -5.122
TNS   : -489.047

Type  : Slow 1100mV 85C Model Setup 'clk'
Slack : -0.936
TNS   : -1.265

Type  : Slow 1100mV 85C Model Hold 'divisorClk:dv|clock_25'
Slack : 0.283
TNS   : 0.000

Type  : Slow 1100mV 85C Model Hold 'clk'
Slack : 0.391
TNS   : 0.000

Type  : Slow 1100mV 85C Model Minimum Pulse Width 'clk'
Slack : -0.874
TNS   : -3.014

Type  : Slow 1100mV 85C Model Minimum Pulse Width 'divisorClk:dv|clock_25'
Slack : -0.394
TNS   : -86.701

Type  : Slow 1100mV 0C Model Setup 'divisorClk:dv|clock_25'
Slack : -5.053
TNS   : -481.997

Type  : Slow 1100mV 0C Model Setup 'clk'
Slack : -0.933
TNS   : -1.227

Type  : Slow 1100mV 0C Model Hold 'divisorClk:dv|clock_25'
Slack : 0.283
TNS   : 0.000

Type  : Slow 1100mV 0C Model Hold 'clk'
Slack : 0.368
TNS   : 0.000

Type  : Slow 1100mV 0C Model Minimum Pulse Width 'clk'
Slack : -0.874
TNS   : -3.074

Type  : Slow 1100mV 0C Model Minimum Pulse Width 'divisorClk:dv|clock_25'
Slack : -0.394
TNS   : -84.351

Type  : Fast 1100mV 85C Model Setup 'divisorClk:dv|clock_25'
Slack : -2.609
TNS   : -233.014

Type  : Fast 1100mV 85C Model Setup 'clk'
Slack : -0.270
TNS   : -0.270

Type  : Fast 1100mV 85C Model Hold 'divisorClk:dv|clock_25'
Slack : 0.094
TNS   : 0.000

Type  : Fast 1100mV 85C Model Hold 'clk'
Slack : 0.179
TNS   : 0.000

Type  : Fast 1100mV 85C Model Minimum Pulse Width 'clk'
Slack : -0.781
TNS   : -2.422

Type  : Fast 1100mV 85C Model Minimum Pulse Width 'divisorClk:dv|clock_25'
Slack : -0.110
TNS   : -3.594

Type  : Fast 1100mV 0C Model Setup 'divisorClk:dv|clock_25'
Slack : -2.327
TNS   : -206.450

Type  : Fast 1100mV 0C Model Setup 'clk'
Slack : -0.202
TNS   : -0.202

Type  : Fast 1100mV 0C Model Hold 'divisorClk:dv|clock_25'
Slack : 0.079
TNS   : 0.000

Type  : Fast 1100mV 0C Model Hold 'clk'
Slack : 0.151
TNS   : 0.000

Type  : Fast 1100mV 0C Model Minimum Pulse Width 'clk'
Slack : -0.736
TNS   : -2.260

Type  : Fast 1100mV 0C Model Minimum Pulse Width 'divisorClk:dv|clock_25'
Slack : -0.040
TNS   : -0.695

------------------------------------------------------------
